cfg 12: AUC 0.82556  {'num_leaves': 255, 'min_data_in_leaf': 30, 'feature_fraction': 0.9926071459614874, 'bagging_fraction': 0.9195981825434215, 'bagging_freq': 1, 'lambda_l1': 0.03137951381652457, 'lambda_l2': 0.0029380279387035356, 'max_bin': 127, 'min_gain_to_split': 0.001584710121043908}
cfg 13: AUC 0.81705  {'num_leaves': 255, 'min_data_in_leaf': 40, 'feature_fraction': 0.9401672517614813, 'bagging_fraction': 0.9124217733388136, 'bagging_freq': 1, 'lambda_l1': 0.0011257999777463674, 'lambda_l2': 0.8123245085588686, 'max_bin': 255, 'min_gain_to_split': 0.07535384509295542}
cfg 14: AUC 0.82397  {'num_leaves': 191, 'min_data_in_leaf': 30, 'feature_fraction': 0.8775106764780151, 'bagging_fraction': 0.7912726728878613, 'bagging_freq': 1, 'lambda_l1': 0.020506478125006913, 'lambda_l2': 0.019762189340280074, 'max_bin': 127, 'min_gain_to_split': 0.011208547084229366}
cfg 15: AUC 0.82734  {'num_leaves': 255, 'min_data_in_leaf': 15, 'feature_fraction': 0.8569998494820423, 'bagging_fraction': 0.9921266556524377, 'bagging_freq': 1, 'lambda_l1': 0.003818812637331005, 'lambda_l2': 0.0018699039697141506, 'max_bin': 255, 'min_gain_to_split': 0.002508115686045231}
cfg 16: AUC 0.82436  {'num_leaves': 255, 'min_data_in_leaf': 30, 'feature_fraction': 0.9388621853293063, 'bagging_fraction': 0.7139351238159993, 'bagging_freq': 1, 'lambda_l1': 0.033026467923708835, 'lambda_l2': 0.0032476735706274485, 'max_bin': 127, 'min_gain_to_split': 0.0010629918194937633}
cfg 17: AUC 0.82550  {'num_leaves': 127, 'min_data_in_leaf': 30, 'feature_fraction': 0.9344932326768309, 'bagging_fraction': 0.8156249507619748, 'bagging_freq': 1, 'lambda_l1': 0.0010962652063852957, 'lambda_l2': 0.004928122297695503, 'max_bin': 255, 'min_gain_to_split': 0.007591104805282692}
cfg 18: AUC 0.82010  {'num_leaves': 255, 'min_data_in_leaf': 30, 'feature_fraction': 0.9242765365166905, 'bagging_fraction': 0.7103165563345655, 'bagging_freq': 1, 'lambda_l1': 0.1876294498613168, 'lambda_l2': 0.005975027999960292, 'max_bin': 255, 'min_gain_to_split': 0.03241326804195627}
cfg 19: AUC 0.82182  {'num_leaves': 191, 'min_data_in_leaf': 15, 'feature_fraction': 0.9351550491729987, 'bagging_fraction': 0.7093939877366675, 'bagging_freq': 1, 'lambda_l1': 0.12755924394823712, 'lambda_l2': 0.022349221517675502, 'max_bin': 255, 'min_gain_to_split': 0.06161049539380964}
cfg 20: AUC 0.82628  {'num_leaves': 191, 'min_data_in_leaf': 30, 'feature_fraction': 0.8567840933365807, 'bagging_fraction': 0.7975990992289793, 'bagging_freq': 1, 'lambda_l1': 0.009368999682313825, 'lambda_l2': 0.006516990611177174, 'max_bin': 127, 'min_gain_to_split': 0.014910847596941081}
cfg 21: AUC 0.82256  {'num_leaves': 127, 'min_data_in_leaf': 30, 'feature_fraction': 0.9410551371530027, 'bagging_fraction': 0.782799754606763, 'bagging_freq': 1, 'lambda_l1': 0.005504067664264956, 'lambda_l2': 0.003131849018141119, 'max_bin': 127, 'min_gain_to_split': 0.09413993046829941}
cfg 22: AUC 0.81531  {'num_leaves': 383, 'min_data_in_leaf': 10, 'feature_fraction': 0.8798073522301258, 'bagging_fraction': 0.7016566351370807, 'bagging_freq': 1, 'lambda_l1': 0.1093084084988224, 'lambda_l2': 0.13199942261535003, 'max_bin': 127, 'min_gain_to_split': 0.03804968634158323}
cfg 23: AUC 0.82425  {'num_leaves': 255, 'min_data_in_leaf': 40, 'feature_fraction': 0.9889451317770024, 'bagging_fraction': 0.8953231076505833, 'bagging_freq': 1, 'lambda_l1': 0.19382026760514096, 'lambda_l2': 0.35490795460959706, 'max_bin': 255, 'min_gain_to_split': 0.004589824181495648}
time budget reached - rerun script to resume
Traceback (most recent call last):
  File "D:\Classical-ML\tune_lgbm.py", line 92, in <module>
    res = pd.read_csv(RESULTS)
          ^^^^^^^^^^^^^^^^^^^^
  File "C:\Users\Qevin\AppData\Local\Programs\Python\Python312\Lib\site-packages\pandas\io\parsers\readers.py", line 873, in read_csv
    return _read(filepath_or_buffer, kwds)
           ^^^^^^^^^^^^^^^^^^^^^^^^^^^^^^^
  File "C:\Users\Qevin\AppData\Local\Programs\Python\Python312\Lib\site-packages\pandas\io\parsers\readers.py", line 306, in _read
    return parser.read(nrows)
           ^^^^^^^^^^^^^^^^^^
  File "C:\Users\Qevin\AppData\Local\Programs\Python\Python312\Lib\site-packages\pandas\io\parsers\readers.py", line 1947, in read
    ) = self._engine.read(  # type: ignore[attr-defined]
        ^^^^^^^^^^^^^^^^^^^^^^^^^^^^^^^^^^^^^^^^^^^^^^^^
  File "C:\Users\Qevin\AppData\Local\Programs\Python\Python312\Lib\site-packages\pandas\io\parsers\c_parser_wrapper.py", line 215, in read
    chunks = self._reader.read_low_memory(nrows)
             ^^^^^^^^^^^^^^^^^^^^^^^^^^^^^^^^^^^
  File "pandas/_libs/parsers.pyx", line 832, in pandas._libs.parsers.TextReader.read_low_memory
  File "pandas/_libs/parsers.pyx", line 897, in pandas._libs.parsers.TextReader._read_rows
  File "pandas/_libs/parsers.pyx", line 868, in pandas._libs.parsers.TextReader._tokenize_rows
  File "pandas/_libs/parsers.pyx", line 885, in pandas._libs.parsers.TextReader._check_tokenize_status
  File "pandas/_libs/parsers.pyx", line 2084, in pandas._libs.parsers.raise_parser_error
pandas.errors.ParserError: Error tokenizing data. C error: Expected 13 fields in line 80, saw 14

